Archive member included because of file (symbol)

c:/users/dell/downloads/compressed/sdk_win_64/sdk_win_64/winavr/bin/../lib/gcc/avr/4.3.3/avr5\libgcc.a(_mulsi3.o)
                              ./MCAL/Timer0/TIMER_Prog.o (__mulsi3)
c:/users/dell/downloads/compressed/sdk_win_64/sdk_win_64/winavr/bin/../lib/gcc/avr/4.3.3/avr5\libgcc.a(_divmodhi4.o)
                              ./MCAL/PWM0/PWM_Prog.o (__divmodhi4)
c:/users/dell/downloads/compressed/sdk_win_64/sdk_win_64/winavr/bin/../lib/gcc/avr/4.3.3/avr5\libgcc.a(_udivmodsi4.o)
                              ./MCAL/Timer0/TIMER_Prog.o (__udivmodsi4)
c:/users/dell/downloads/compressed/sdk_win_64/sdk_win_64/winavr/bin/../lib/gcc/avr/4.3.3/avr5\libgcc.a(_divmodsi4.o)
                              ./HAL/LCD/LCD_prog.o (__divmodsi4)
c:/users/dell/downloads/compressed/sdk_win_64/sdk_win_64/winavr/bin/../lib/gcc/avr/4.3.3/avr5\libgcc.a(_exit.o)
                              c:/users/dell/downloads/compressed/sdk_win_64/sdk_win_64/winavr/bin/../lib/gcc/avr/4.3.3/../../../../avr/lib/avr5/crtm32.o (exit)
c:/users/dell/downloads/compressed/sdk_win_64/sdk_win_64/winavr/bin/../lib/gcc/avr/4.3.3/avr5\libgcc.a(_copy_data.o)
                              ./MCAL/EXTI/EXTI_Config.o (__do_copy_data)
c:/users/dell/downloads/compressed/sdk_win_64/sdk_win_64/winavr/bin/../lib/gcc/avr/4.3.3/avr5\libgcc.a(_clear_bss.o)
                              ./MCAL/Timer0/TIMER_Prog.o (__do_clear_bss)
c:/users/dell/downloads/compressed/sdk_win_64/sdk_win_64/winavr/bin/../lib/gcc/avr/4.3.3/avr5\libgcc.a(_fixunssfsi.o)
                              ./HAL/LCD/LCD_prog.o (__fixunssfsi)
c:/users/dell/downloads/compressed/sdk_win_64/sdk_win_64/winavr/bin/../lib/gcc/avr/4.3.3/avr5\libgcc.a(_addsub_sf.o)
                              c:/users/dell/downloads/compressed/sdk_win_64/sdk_win_64/winavr/bin/../lib/gcc/avr/4.3.3/avr5\libgcc.a(_fixunssfsi.o) (__subsf3)
c:/users/dell/downloads/compressed/sdk_win_64/sdk_win_64/winavr/bin/../lib/gcc/avr/4.3.3/avr5\libgcc.a(_mul_sf.o)
                              ./HAL/LCD/LCD_prog.o (__mulsf3)
c:/users/dell/downloads/compressed/sdk_win_64/sdk_win_64/winavr/bin/../lib/gcc/avr/4.3.3/avr5\libgcc.a(_gt_sf.o)
                              ./HAL/LCD/LCD_prog.o (__gtsf2)
c:/users/dell/downloads/compressed/sdk_win_64/sdk_win_64/winavr/bin/../lib/gcc/avr/4.3.3/avr5\libgcc.a(_ge_sf.o)
                              c:/users/dell/downloads/compressed/sdk_win_64/sdk_win_64/winavr/bin/../lib/gcc/avr/4.3.3/avr5\libgcc.a(_fixunssfsi.o) (__gesf2)
c:/users/dell/downloads/compressed/sdk_win_64/sdk_win_64/winavr/bin/../lib/gcc/avr/4.3.3/avr5\libgcc.a(_lt_sf.o)
                              ./HAL/LCD/LCD_prog.o (__ltsf2)
c:/users/dell/downloads/compressed/sdk_win_64/sdk_win_64/winavr/bin/../lib/gcc/avr/4.3.3/avr5\libgcc.a(_sf_to_si.o)
                              c:/users/dell/downloads/compressed/sdk_win_64/sdk_win_64/winavr/bin/../lib/gcc/avr/4.3.3/avr5\libgcc.a(_fixunssfsi.o) (__fixsfsi)
c:/users/dell/downloads/compressed/sdk_win_64/sdk_win_64/winavr/bin/../lib/gcc/avr/4.3.3/avr5\libgcc.a(_thenan_sf.o)
                              c:/users/dell/downloads/compressed/sdk_win_64/sdk_win_64/winavr/bin/../lib/gcc/avr/4.3.3/avr5\libgcc.a(_addsub_sf.o) (__thenan_sf)
c:/users/dell/downloads/compressed/sdk_win_64/sdk_win_64/winavr/bin/../lib/gcc/avr/4.3.3/avr5\libgcc.a(_udivmodhi4.o)
                              c:/users/dell/downloads/compressed/sdk_win_64/sdk_win_64/winavr/bin/../lib/gcc/avr/4.3.3/avr5\libgcc.a(_divmodhi4.o) (__udivmodhi4)
c:/users/dell/downloads/compressed/sdk_win_64/sdk_win_64/winavr/bin/../lib/gcc/avr/4.3.3/avr5\libgcc.a(_prologue.o)
                              c:/users/dell/downloads/compressed/sdk_win_64/sdk_win_64/winavr/bin/../lib/gcc/avr/4.3.3/avr5\libgcc.a(_addsub_sf.o) (__prologue_saves__)
c:/users/dell/downloads/compressed/sdk_win_64/sdk_win_64/winavr/bin/../lib/gcc/avr/4.3.3/avr5\libgcc.a(_epilogue.o)
                              c:/users/dell/downloads/compressed/sdk_win_64/sdk_win_64/winavr/bin/../lib/gcc/avr/4.3.3/avr5\libgcc.a(_addsub_sf.o) (__epilogue_restores__)
c:/users/dell/downloads/compressed/sdk_win_64/sdk_win_64/winavr/bin/../lib/gcc/avr/4.3.3/avr5\libgcc.a(_pack_sf.o)
                              c:/users/dell/downloads/compressed/sdk_win_64/sdk_win_64/winavr/bin/../lib/gcc/avr/4.3.3/avr5\libgcc.a(_addsub_sf.o) (__pack_f)
c:/users/dell/downloads/compressed/sdk_win_64/sdk_win_64/winavr/bin/../lib/gcc/avr/4.3.3/avr5\libgcc.a(_unpack_sf.o)
                              c:/users/dell/downloads/compressed/sdk_win_64/sdk_win_64/winavr/bin/../lib/gcc/avr/4.3.3/avr5\libgcc.a(_addsub_sf.o) (__unpack_f)
c:/users/dell/downloads/compressed/sdk_win_64/sdk_win_64/winavr/bin/../lib/gcc/avr/4.3.3/avr5\libgcc.a(_fpcmp_parts_sf.o)
                              c:/users/dell/downloads/compressed/sdk_win_64/sdk_win_64/winavr/bin/../lib/gcc/avr/4.3.3/avr5\libgcc.a(_gt_sf.o) (__fpcmp_parts_f)
c:/users/dell/downloads/compressed/sdk_win_64/sdk_win_64/winavr/bin/../lib/gcc/avr/4.3.3/../../../../avr/lib/avr5\libc.a(strcmp.o)
                              ./App/main.o (strcmp)

Memory Configuration

Name             Origin             Length             Attributes
text             0x00000000         0x00020000         xr
data             0x00800060         0x0000ffa0         rw !x
eeprom           0x00810000         0x00010000         rw !x
fuse             0x00820000         0x00000400         rw !x
lock             0x00830000         0x00000400         rw !x
signature        0x00840000         0x00000400         rw !x
*default*        0x00000000         0xffffffff

Linker script and memory map

LOAD c:/users/dell/downloads/compressed/sdk_win_64/sdk_win_64/winavr/bin/../lib/gcc/avr/4.3.3/../../../../avr/lib/avr5/crtm32.o
LOAD ./MCAL/UART/UART_prog.o
LOAD ./MCAL/Timer0/TIMER_Prog.o
LOAD ./MCAL/PWM1/PWM1_Prog.o
LOAD ./MCAL/PWM0/PWM_Prog.o
LOAD ./MCAL/GIE/GIE_Prog.o
LOAD ./MCAL/EXTI/EXTI_Config.o
LOAD ./MCAL/EXTI/EXTI_Prog.o
LOAD ./MCAL/DIO/DIO_prog2.o
LOAD ./MCAL/ADC/ADC_Prog.o
LOAD ./HAL/TempSensor/Temp_Prog.o
LOAD ./HAL/ServoMotor/SERVOMOTOR_Prog.o
LOAD ./HAL/LED/LED_prog.o
LOAD ./HAL/LCD/LCD_prog.o
LOAD ./HAL/KEYPAD/KEYPAD_Prog.o
LOAD ./HAL/DcMotor/DCMOTOR_Prog.o
LOAD ./App/main.o
LOAD c:/users/dell/downloads/compressed/sdk_win_64/sdk_win_64/winavr/bin/../lib/gcc/avr/4.3.3/avr5\libgcc.a
LOAD c:/users/dell/downloads/compressed/sdk_win_64/sdk_win_64/winavr/bin/../lib/gcc/avr/4.3.3/../../../../avr/lib/avr5\libc.a
LOAD c:/users/dell/downloads/compressed/sdk_win_64/sdk_win_64/winavr/bin/../lib/gcc/avr/4.3.3/avr5\libgcc.a

.hash
 *(.hash)

.dynsym
 *(.dynsym)

.dynstr
 *(.dynstr)

.gnu.version
 *(.gnu.version)

.gnu.version_d
 *(.gnu.version_d)

.gnu.version_r
 *(.gnu.version_r)

.rel.init
 *(.rel.init)

.rela.init
 *(.rela.init)

.rel.text
 *(.rel.text)
 *(.rel.text.*)
 *(.rel.gnu.linkonce.t*)

.rela.text
 *(.rela.text)
 *(.rela.text.*)
 *(.rela.gnu.linkonce.t*)

.rel.fini
 *(.rel.fini)

.rela.fini
 *(.rela.fini)

.rel.rodata
 *(.rel.rodata)
 *(.rel.rodata.*)
 *(.rel.gnu.linkonce.r*)

.rela.rodata
 *(.rela.rodata)
 *(.rela.rodata.*)
 *(.rela.gnu.linkonce.r*)

.rel.data
 *(.rel.data)
 *(.rel.data.*)
 *(.rel.gnu.linkonce.d*)

.rela.data
 *(.rela.data)
 *(.rela.data.*)
 *(.rela.gnu.linkonce.d*)

.rel.ctors
 *(.rel.ctors)

.rela.ctors
 *(.rela.ctors)

.rel.dtors
 *(.rel.dtors)

.rela.dtors
 *(.rela.dtors)

.rel.got
 *(.rel.got)

.rela.got
 *(.rela.got)

.rel.bss
 *(.rel.bss)

.rela.bss
 *(.rela.bss)

.rel.plt
 *(.rel.plt)

.rela.plt
 *(.rela.plt)

.text           0x00000000     0x3a26
 *(.vectors)
 .vectors       0x00000000       0x54 c:/users/dell/downloads/compressed/sdk_win_64/sdk_win_64/winavr/bin/../lib/gcc/avr/4.3.3/../../../../avr/lib/avr5/crtm32.o
                0x00000000                __vectors
                0x00000000                __vector_default
 *(.vectors)
 *(.progmem.gcc*)
 *(.progmem*)
                0x00000054                . = ALIGN (0x2)
                0x00000054                __trampolines_start = .
 *(.trampolines)
 .trampolines   0x00000054        0x0 linker stubs
 *(.trampolines*)
                0x00000054                __trampolines_end = .
 *(.jumptables)
 *(.jumptables*)
 *(.lowtext)
 *(.lowtext*)
                0x00000054                __ctors_start = .
 *(.ctors)
                0x00000054                __ctors_end = .
                0x00000054                __dtors_start = .
 *(.dtors)
                0x00000054                __dtors_end = .
 SORT(*)(.ctors)
 SORT(*)(.dtors)
 *(.init0)
 .init0         0x00000054        0x0 c:/users/dell/downloads/compressed/sdk_win_64/sdk_win_64/winavr/bin/../lib/gcc/avr/4.3.3/../../../../avr/lib/avr5/crtm32.o
                0x00000054                __init
 *(.init0)
 *(.init1)
 *(.init1)
 *(.init2)
 .init2         0x00000054        0xc c:/users/dell/downloads/compressed/sdk_win_64/sdk_win_64/winavr/bin/../lib/gcc/avr/4.3.3/../../../../avr/lib/avr5/crtm32.o
 *(.init2)
 *(.init3)
 *(.init3)
 *(.init4)
 .init4         0x00000060       0x16 c:/users/dell/downloads/compressed/sdk_win_64/sdk_win_64/winavr/bin/../lib/gcc/avr/4.3.3/avr5\libgcc.a(_copy_data.o)
                0x00000060                __do_copy_data
 .init4         0x00000076       0x10 c:/users/dell/downloads/compressed/sdk_win_64/sdk_win_64/winavr/bin/../lib/gcc/avr/4.3.3/avr5\libgcc.a(_clear_bss.o)
                0x00000076                __do_clear_bss
 *(.init4)
 *(.init5)
 *(.init5)
 *(.init6)
 *(.init6)
 *(.init7)
 *(.init7)
 *(.init8)
 *(.init8)
 *(.init9)
 .init9         0x00000086        0x8 c:/users/dell/downloads/compressed/sdk_win_64/sdk_win_64/winavr/bin/../lib/gcc/avr/4.3.3/../../../../avr/lib/avr5/crtm32.o
 *(.init9)
 *(.text)
 .text          0x0000008e        0x4 c:/users/dell/downloads/compressed/sdk_win_64/sdk_win_64/winavr/bin/../lib/gcc/avr/4.3.3/../../../../avr/lib/avr5/crtm32.o
                0x0000008e                __vector_12
                0x0000008e                __bad_interrupt
                0x0000008e                __vector_6
                0x0000008e                __vector_3
                0x0000008e                __vector_13
                0x0000008e                __vector_17
                0x0000008e                __vector_19
                0x0000008e                __vector_7
                0x0000008e                __vector_5
                0x0000008e                __vector_4
                0x0000008e                __vector_9
                0x0000008e                __vector_2
                0x0000008e                __vector_15
                0x0000008e                __vector_8
                0x0000008e                __vector_14
                0x0000008e                __vector_16
                0x0000008e                __vector_18
                0x0000008e                __vector_20
 .text          0x00000092        0x0 ./MCAL/UART/UART_prog.o
 .text          0x00000092        0x0 ./MCAL/Timer0/TIMER_Prog.o
 .text          0x00000092        0x0 ./MCAL/PWM1/PWM1_Prog.o
 .text          0x00000092        0x0 ./MCAL/PWM0/PWM_Prog.o
 .text          0x00000092        0x0 ./MCAL/GIE/GIE_Prog.o
 .text          0x00000092        0x0 ./MCAL/EXTI/EXTI_Config.o
 .text          0x00000092        0x0 ./MCAL/EXTI/EXTI_Prog.o
 .text          0x00000092        0x0 ./MCAL/DIO/DIO_prog2.o
 .text          0x00000092        0x0 ./MCAL/ADC/ADC_Prog.o
 .text          0x00000092        0x0 ./HAL/TempSensor/Temp_Prog.o
 .text          0x00000092        0x0 ./HAL/ServoMotor/SERVOMOTOR_Prog.o
 .text          0x00000092        0x0 ./HAL/LED/LED_prog.o
 .text          0x00000092        0x0 ./HAL/LCD/LCD_prog.o
 .text          0x00000092        0x0 ./HAL/KEYPAD/KEYPAD_Prog.o
 .text          0x00000092        0x0 ./HAL/DcMotor/DCMOTOR_Prog.o
 .text          0x00000092        0x0 ./App/main.o
 .text          0x00000092        0x0 c:/users/dell/downloads/compressed/sdk_win_64/sdk_win_64/winavr/bin/../lib/gcc/avr/4.3.3/avr5\libgcc.a(_mulsi3.o)
 .text          0x00000092        0x0 c:/users/dell/downloads/compressed/sdk_win_64/sdk_win_64/winavr/bin/../lib/gcc/avr/4.3.3/avr5\libgcc.a(_divmodhi4.o)
 .text          0x00000092        0x0 c:/users/dell/downloads/compressed/sdk_win_64/sdk_win_64/winavr/bin/../lib/gcc/avr/4.3.3/avr5\libgcc.a(_udivmodsi4.o)
 .text          0x00000092        0x0 c:/users/dell/downloads/compressed/sdk_win_64/sdk_win_64/winavr/bin/../lib/gcc/avr/4.3.3/avr5\libgcc.a(_divmodsi4.o)
 .text          0x00000092        0x0 c:/users/dell/downloads/compressed/sdk_win_64/sdk_win_64/winavr/bin/../lib/gcc/avr/4.3.3/avr5\libgcc.a(_exit.o)
 .text          0x00000092        0x0 c:/users/dell/downloads/compressed/sdk_win_64/sdk_win_64/winavr/bin/../lib/gcc/avr/4.3.3/avr5\libgcc.a(_copy_data.o)
 .text          0x00000092        0x0 c:/users/dell/downloads/compressed/sdk_win_64/sdk_win_64/winavr/bin/../lib/gcc/avr/4.3.3/avr5\libgcc.a(_clear_bss.o)
 .text          0x00000092       0x58 c:/users/dell/downloads/compressed/sdk_win_64/sdk_win_64/winavr/bin/../lib/gcc/avr/4.3.3/avr5\libgcc.a(_fixunssfsi.o)
                0x00000092                __fixunssfsi
 .text          0x000000ea      0x354 c:/users/dell/downloads/compressed/sdk_win_64/sdk_win_64/winavr/bin/../lib/gcc/avr/4.3.3/avr5\libgcc.a(_addsub_sf.o)
                0x00000382                __subsf3
                0x000003e4                __addsf3
 .text          0x0000043e      0x1f4 c:/users/dell/downloads/compressed/sdk_win_64/sdk_win_64/winavr/bin/../lib/gcc/avr/4.3.3/avr5\libgcc.a(_mul_sf.o)
                0x0000043e                __mulsf3
 .text          0x00000632       0x60 c:/users/dell/downloads/compressed/sdk_win_64/sdk_win_64/winavr/bin/../lib/gcc/avr/4.3.3/avr5\libgcc.a(_gt_sf.o)
                0x00000632                __gtsf2
 .text          0x00000692       0x60 c:/users/dell/downloads/compressed/sdk_win_64/sdk_win_64/winavr/bin/../lib/gcc/avr/4.3.3/avr5\libgcc.a(_ge_sf.o)
                0x00000692                __gesf2
 .text          0x000006f2       0x60 c:/users/dell/downloads/compressed/sdk_win_64/sdk_win_64/winavr/bin/../lib/gcc/avr/4.3.3/avr5\libgcc.a(_lt_sf.o)
                0x000006f2                __ltsf2
 .text          0x00000752       0xa8 c:/users/dell/downloads/compressed/sdk_win_64/sdk_win_64/winavr/bin/../lib/gcc/avr/4.3.3/avr5\libgcc.a(_sf_to_si.o)
                0x00000752                __fixsfsi
 .text          0x000007fa        0x0 c:/users/dell/downloads/compressed/sdk_win_64/sdk_win_64/winavr/bin/../lib/gcc/avr/4.3.3/avr5\libgcc.a(_thenan_sf.o)
 .text          0x000007fa        0x0 c:/users/dell/downloads/compressed/sdk_win_64/sdk_win_64/winavr/bin/../lib/gcc/avr/4.3.3/avr5\libgcc.a(_udivmodhi4.o)
 .text          0x000007fa        0x0 c:/users/dell/downloads/compressed/sdk_win_64/sdk_win_64/winavr/bin/../lib/gcc/avr/4.3.3/avr5\libgcc.a(_prologue.o)
 .text          0x000007fa        0x0 c:/users/dell/downloads/compressed/sdk_win_64/sdk_win_64/winavr/bin/../lib/gcc/avr/4.3.3/avr5\libgcc.a(_epilogue.o)
 .text          0x000007fa      0x1aa c:/users/dell/downloads/compressed/sdk_win_64/sdk_win_64/winavr/bin/../lib/gcc/avr/4.3.3/avr5\libgcc.a(_pack_sf.o)
                0x000007fa                __pack_f
 .text          0x000009a4       0xf0 c:/users/dell/downloads/compressed/sdk_win_64/sdk_win_64/winavr/bin/../lib/gcc/avr/4.3.3/avr5\libgcc.a(_unpack_sf.o)
                0x000009a4                __unpack_f
 .text          0x00000a94       0xb2 c:/users/dell/downloads/compressed/sdk_win_64/sdk_win_64/winavr/bin/../lib/gcc/avr/4.3.3/avr5\libgcc.a(_fpcmp_parts_sf.o)
                0x00000a94                __fpcmp_parts_f
 .text          0x00000b46        0x0 c:/users/dell/downloads/compressed/sdk_win_64/sdk_win_64/winavr/bin/../lib/gcc/avr/4.3.3/../../../../avr/lib/avr5\libc.a(strcmp.o)
                0x00000b46                . = ALIGN (0x2)
 *(.text.*)
 .text.UART_enuInit
                0x00000b46       0x8c ./MCAL/UART/UART_prog.o
                0x00000b46                UART_enuInit
 .text.UART_enuSendChar
                0x00000bd2       0x3c ./MCAL/UART/UART_prog.o
                0x00000bd2                UART_enuSendChar
 .text.UART_enuRecieveChar
                0x00000c0e       0x38 ./MCAL/UART/UART_prog.o
                0x00000c0e                UART_enuRecieveChar
 .text.UART_enuSendString
                0x00000c46       0x5c ./MCAL/UART/UART_prog.o
                0x00000c46                UART_enuSendString
 .text.UART_enuRecieveString
                0x00000ca2       0xce ./MCAL/UART/UART_prog.o
                0x00000ca2                UART_enuRecieveString
 .text.TIMER_enuInit
                0x00000d70       0x50 ./MCAL/Timer0/TIMER_Prog.o
                0x00000d70                TIMER_enuInit
 .text.TIMER_enuSetDelay
                0x00000dc0       0xe8 ./MCAL/Timer0/TIMER_Prog.o
                0x00000dc0                TIMER_enuSetDelay
 .text.TIMER0_Start
                0x00000ea8       0x28 ./MCAL/Timer0/TIMER_Prog.o
                0x00000ea8                TIMER0_Start
 .text.TIMER0_Stop
                0x00000ed0       0x28 ./MCAL/Timer0/TIMER_Prog.o
                0x00000ed0                TIMER0_Stop
 .text.TIMER0_voidSetCallBack
                0x00000ef8       0x24 ./MCAL/Timer0/TIMER_Prog.o
                0x00000ef8                TIMER0_voidSetCallBack
 .text.__vector_11
                0x00000f1c       0xc8 ./MCAL/Timer0/TIMER_Prog.o
                0x00000f1c                __vector_11
 .text.__vector_10
                0x00000fe4       0xba ./MCAL/Timer0/TIMER_Prog.o
                0x00000fe4                __vector_10
 .text.PWM1_enuInit
                0x0000109e       0x74 ./MCAL/PWM1/PWM1_Prog.o
                0x0000109e                PWM1_enuInit
 .text.PWM1_enuSetFrequency
                0x00001112       0x26 ./MCAL/PWM1/PWM1_Prog.o
                0x00001112                PWM1_enuSetFrequency
 .text.PWM1_enuSetDutyCycle
                0x00001138       0x1e ./MCAL/PWM1/PWM1_Prog.o
                0x00001138                PWM1_enuSetDutyCycle
 .text.PWM0_enuInit
                0x00001156       0x5e ./MCAL/PWM0/PWM_Prog.o
                0x00001156                PWM0_enuInit
 .text.PWM0_enuSetDutyCycle
                0x000011b4       0x60 ./MCAL/PWM0/PWM_Prog.o
                0x000011b4                PWM0_enuSetDutyCycle
 .text.PWM0_Start
                0x00001214       0x28 ./MCAL/PWM0/PWM_Prog.o
                0x00001214                PWM0_Start
 .text.PWM0_Stop
                0x0000123c       0x28 ./MCAL/PWM0/PWM_Prog.o
                0x0000123c                PWM0_Stop
 .text.GIE_enuInit
                0x00001264       0x28 ./MCAL/GIE/GIE_Prog.o
                0x00001264                GIE_enuInit
 .text.GIE_enuEnable
                0x0000128c       0x28 ./MCAL/GIE/GIE_Prog.o
                0x0000128c                GIE_enuEnable
 .text.GIE_enuDisable
                0x000012b4       0x28 ./MCAL/GIE/GIE_Prog.o
                0x000012b4                GIE_enuDisable
 .text.EXTI_enuInit
                0x000012dc      0x372 ./MCAL/EXTI/EXTI_Prog.o
                0x000012dc                EXTI_enuInit
 .text.EXTI_enuSenseLevel
                0x0000164e      0x1b0 ./MCAL/EXTI/EXTI_Prog.o
                0x0000164e                EXTI_enuSenseLevel
 .text.EXTI_enuEnableInterrupt
                0x000017fe       0x7e ./MCAL/EXTI/EXTI_Prog.o
                0x000017fe                EXTI_enuEnableInterrupt
 .text.EXTI_enuDisableInterrupt
                0x0000187c       0x78 ./MCAL/EXTI/EXTI_Prog.o
                0x0000187c                EXTI_enuDisableInterrupt
 .text.EXTI_voidSetCallBack
                0x000018f4       0x24 ./MCAL/EXTI/EXTI_Prog.o
                0x000018f4                EXTI_voidSetCallBack
 .text.__vector_1
                0x00001918       0x5a ./MCAL/EXTI/EXTI_Prog.o
                0x00001918                __vector_1
 .text.DIO_enuInit
                0x00001972      0x1da ./MCAL/DIO/DIO_prog2.o
                0x00001972                DIO_enuInit
 .text.DIO_enuSetPinDirection
                0x00001b4c      0x1d8 ./MCAL/DIO/DIO_prog2.o
                0x00001b4c                DIO_enuSetPinDirection
 .text.DIO_enuSetPinValue
                0x00001d24      0x1d8 ./MCAL/DIO/DIO_prog2.o
                0x00001d24                DIO_enuSetPinValue
 .text.DIO_enuTogglePinValue
                0x00001efc      0x11c ./MCAL/DIO/DIO_prog2.o
                0x00001efc                DIO_enuTogglePinValue
 .text.DIO_enuGetPinValue
                0x00002018      0x13c ./MCAL/DIO/DIO_prog2.o
                0x00002018                DIO_enuGetPinValue
 .text.ADC_enuInit
                0x00002154       0x6c ./MCAL/ADC/ADC_Prog.o
                0x00002154                ADC_enuInit
 .text.ADC_enuRead
                0x000021c0       0x98 ./MCAL/ADC/ADC_Prog.o
                0x000021c0                ADC_enuRead
 .text.ADC_enuDisableADC
                0x00002258       0x28 ./MCAL/ADC/ADC_Prog.o
                0x00002258                ADC_enuDisableADC
 .text.ADC_enuEnableADC
                0x00002280       0x28 ./MCAL/ADC/ADC_Prog.o
                0x00002280                ADC_enuEnableADC
 .text.Temp_enuInit
                0x000022a8       0x14 ./HAL/TempSensor/Temp_Prog.o
                0x000022a8                Temp_enuInit
 .text.Temp_enuRead
                0x000022bc       0x62 ./HAL/TempSensor/Temp_Prog.o
                0x000022bc                Temp_enuRead
 .text.Temp_enuEnableTemp
                0x0000231e       0x14 ./HAL/TempSensor/Temp_Prog.o
                0x0000231e                Temp_enuEnableTemp
 .text.Temp_enuDisableTemp
                0x00002332       0x14 ./HAL/TempSensor/Temp_Prog.o
                0x00002332                Temp_enuDisableTemp
 .text.LED_enuInit
                0x00002346       0x78 ./HAL/LED/LED_prog.o
                0x00002346                LED_enuInit
 .text.LED_enuSetLed
                0x000023be       0x24 ./HAL/LED/LED_prog.o
                0x000023be                LED_enuSetLed
 .text.LCD_enuInit
                0x000023e2      0x39a ./HAL/LCD/LCD_prog.o
                0x000023e2                LCD_enuInit
 .text.LCD_enuSendData
                0x0000277c       0x2c ./HAL/LCD/LCD_prog.o
                0x0000277c                LCD_enuSendData
 .text.LCD_enuSendCommand
                0x000027a8       0x2c ./HAL/LCD/LCD_prog.o
                0x000027a8                LCD_enuSendCommand
 .text.LCD_enuSendString
                0x000027d4       0x46 ./HAL/LCD/LCD_prog.o
                0x000027d4                LCD_enuSendString
 .text.LCD_enuGoToPosition
                0x0000281a       0x5e ./HAL/LCD/LCD_prog.o
                0x0000281a                LCD_enuGoToPosition
 .text.LCD_enuStoreCustom
                0x00002878       0x80 ./HAL/LCD/LCD_prog.o
                0x00002878                LCD_enuStoreCustom
 .text.LCD_enuDisplayCustom
                0x000028f8       0x1c ./HAL/LCD/LCD_prog.o
                0x000028f8                LCD_enuDisplayCustom
 .text.LCD_enuSendIntegerNum
                0x00002914      0x1ba ./HAL/LCD/LCD_prog.o
                0x00002914                LCD_enuSendIntegerNum
 .text.LCD_enuWriteNLatch
                0x00002ace      0x496 ./HAL/LCD/LCD_prog.o
 .text.Keypad_enuInit
                0x00002f64       0xba ./HAL/KEYPAD/KEYPAD_Prog.o
                0x00002f64                Keypad_enuInit
 .text.Keypad_enuGetPressedKey
                0x0000301e      0x30e ./HAL/KEYPAD/KEYPAD_Prog.o
                0x0000301e                Keypad_enuGetPressedKey
 .text.DCMOTOR_enuInit
                0x0000332c       0x44 ./HAL/DcMotor/DCMOTOR_Prog.o
                0x0000332c                DCMOTOR_enuInit
 .text.DCMOTOR_enuSetDirectionAndMotorNum
                0x00003370      0x124 ./HAL/DcMotor/DCMOTOR_Prog.o
                0x00003370                DCMOTOR_enuSetDirectionAndMotorNum
 .text.DCMOTOR_enuSetSpeed
                0x00003494       0x22 ./HAL/DcMotor/DCMOTOR_Prog.o
                0x00003494                DCMOTOR_enuSetSpeed
 .text.DCMOTOR_Start
                0x000034b6       0x1c ./HAL/DcMotor/DCMOTOR_Prog.o
                0x000034b6                DCMOTOR_Start
 .text.DCMOTOR_Stop
                0x000034d2       0x1c ./HAL/DcMotor/DCMOTOR_Prog.o
                0x000034d2                DCMOTOR_Stop
 .text.main     0x000034ee      0x3ae ./App/main.o
                0x000034ee                main
 .text.libgcc   0x0000389c       0x3e c:/users/dell/downloads/compressed/sdk_win_64/sdk_win_64/winavr/bin/../lib/gcc/avr/4.3.3/avr5\libgcc.a(_mulsi3.o)
                0x0000389c                __mulsi3
 .text.libgcc   0x000038da       0x26 c:/users/dell/downloads/compressed/sdk_win_64/sdk_win_64/winavr/bin/../lib/gcc/avr/4.3.3/avr5\libgcc.a(_divmodhi4.o)
                0x000038da                __divmodhi4
                0x000038da                _div
 .text.libgcc   0x00003900       0x44 c:/users/dell/downloads/compressed/sdk_win_64/sdk_win_64/winavr/bin/../lib/gcc/avr/4.3.3/avr5\libgcc.a(_udivmodsi4.o)
                0x00003900                __udivmodsi4
 .text.libgcc   0x00003944       0x36 c:/users/dell/downloads/compressed/sdk_win_64/sdk_win_64/winavr/bin/../lib/gcc/avr/4.3.3/avr5\libgcc.a(_divmodsi4.o)
                0x00003944                __divmodsi4
 .text.libgcc   0x0000397a        0x0 c:/users/dell/downloads/compressed/sdk_win_64/sdk_win_64/winavr/bin/../lib/gcc/avr/4.3.3/avr5\libgcc.a(_exit.o)
 .text.libgcc   0x0000397a        0x0 c:/users/dell/downloads/compressed/sdk_win_64/sdk_win_64/winavr/bin/../lib/gcc/avr/4.3.3/avr5\libgcc.a(_copy_data.o)
 .text.libgcc   0x0000397a        0x0 c:/users/dell/downloads/compressed/sdk_win_64/sdk_win_64/winavr/bin/../lib/gcc/avr/4.3.3/avr5\libgcc.a(_clear_bss.o)
 .text.libgcc   0x0000397a       0x28 c:/users/dell/downloads/compressed/sdk_win_64/sdk_win_64/winavr/bin/../lib/gcc/avr/4.3.3/avr5\libgcc.a(_udivmodhi4.o)
                0x0000397a                __udivmodhi4
 .text.libgcc   0x000039a2       0x38 c:/users/dell/downloads/compressed/sdk_win_64/sdk_win_64/winavr/bin/../lib/gcc/avr/4.3.3/avr5\libgcc.a(_prologue.o)
                0x000039a2                __prologue_saves__
 .text.libgcc   0x000039da       0x36 c:/users/dell/downloads/compressed/sdk_win_64/sdk_win_64/winavr/bin/../lib/gcc/avr/4.3.3/avr5\libgcc.a(_epilogue.o)
                0x000039da                __epilogue_restores__
 .text.avr-libc
                0x00003a10       0x12 c:/users/dell/downloads/compressed/sdk_win_64/sdk_win_64/winavr/bin/../lib/gcc/avr/4.3.3/../../../../avr/lib/avr5\libc.a(strcmp.o)
                0x00003a10                strcmp
                0x00003a22                . = ALIGN (0x2)
 *(.fini9)
 .fini9         0x00003a22        0x0 c:/users/dell/downloads/compressed/sdk_win_64/sdk_win_64/winavr/bin/../lib/gcc/avr/4.3.3/avr5\libgcc.a(_exit.o)
                0x00003a22                exit
                0x00003a22                _exit
 *(.fini9)
 *(.fini8)
 *(.fini8)
 *(.fini7)
 *(.fini7)
 *(.fini6)
 *(.fini6)
 *(.fini5)
 *(.fini5)
 *(.fini4)
 *(.fini4)
 *(.fini3)
 *(.fini3)
 *(.fini2)
 *(.fini2)
 *(.fini1)
 *(.fini1)
 *(.fini0)
 .fini0         0x00003a22        0x4 c:/users/dell/downloads/compressed/sdk_win_64/sdk_win_64/winavr/bin/../lib/gcc/avr/4.3.3/avr5\libgcc.a(_exit.o)
 *(.fini0)
                0x00003a26                _etext = .

.data           0x00800060       0xaa load address 0x00003a26
                0x00800060                PROVIDE (__data_start, .)
 *(.data)
 .data          0x00800060        0x0 c:/users/dell/downloads/compressed/sdk_win_64/sdk_win_64/winavr/bin/../lib/gcc/avr/4.3.3/../../../../avr/lib/avr5/crtm32.o
 .data          0x00800060        0x0 ./MCAL/UART/UART_prog.o
 .data          0x00800060        0x0 ./MCAL/Timer0/TIMER_Prog.o
 .data          0x00800060        0x0 ./MCAL/PWM1/PWM1_Prog.o
 .data          0x00800060        0x0 ./MCAL/PWM0/PWM_Prog.o
 .data          0x00800060        0x0 ./MCAL/GIE/GIE_Prog.o
 .data          0x00800060        0x0 ./MCAL/EXTI/EXTI_Config.o
 .data          0x00800060        0x0 ./MCAL/EXTI/EXTI_Prog.o
 .data          0x00800060        0x0 ./MCAL/DIO/DIO_prog2.o
 .data          0x00800060        0x0 ./MCAL/ADC/ADC_Prog.o
 .data          0x00800060        0x0 ./HAL/TempSensor/Temp_Prog.o
 .data          0x00800060        0x0 ./HAL/ServoMotor/SERVOMOTOR_Prog.o
 .data          0x00800060        0x0 ./HAL/LED/LED_prog.o
 .data          0x00800060        0x0 ./HAL/LCD/LCD_prog.o
 .data          0x00800060        0x0 ./HAL/KEYPAD/KEYPAD_Prog.o
 .data          0x00800060        0x0 ./HAL/DcMotor/DCMOTOR_Prog.o
 .data          0x00800060       0x87 ./App/main.o
 .data          0x008000e7        0x0 c:/users/dell/downloads/compressed/sdk_win_64/sdk_win_64/winavr/bin/../lib/gcc/avr/4.3.3/avr5\libgcc.a(_mulsi3.o)
 .data          0x008000e7        0x0 c:/users/dell/downloads/compressed/sdk_win_64/sdk_win_64/winavr/bin/../lib/gcc/avr/4.3.3/avr5\libgcc.a(_divmodhi4.o)
 .data          0x008000e7        0x0 c:/users/dell/downloads/compressed/sdk_win_64/sdk_win_64/winavr/bin/../lib/gcc/avr/4.3.3/avr5\libgcc.a(_udivmodsi4.o)
 .data          0x008000e7        0x0 c:/users/dell/downloads/compressed/sdk_win_64/sdk_win_64/winavr/bin/../lib/gcc/avr/4.3.3/avr5\libgcc.a(_divmodsi4.o)
 .data          0x008000e7        0x0 c:/users/dell/downloads/compressed/sdk_win_64/sdk_win_64/winavr/bin/../lib/gcc/avr/4.3.3/avr5\libgcc.a(_exit.o)
 .data          0x008000e7        0x0 c:/users/dell/downloads/compressed/sdk_win_64/sdk_win_64/winavr/bin/../lib/gcc/avr/4.3.3/avr5\libgcc.a(_copy_data.o)
 .data          0x008000e7        0x0 c:/users/dell/downloads/compressed/sdk_win_64/sdk_win_64/winavr/bin/../lib/gcc/avr/4.3.3/avr5\libgcc.a(_clear_bss.o)
 .data          0x008000e7        0x0 c:/users/dell/downloads/compressed/sdk_win_64/sdk_win_64/winavr/bin/../lib/gcc/avr/4.3.3/avr5\libgcc.a(_fixunssfsi.o)
 .data          0x008000e7        0x0 c:/users/dell/downloads/compressed/sdk_win_64/sdk_win_64/winavr/bin/../lib/gcc/avr/4.3.3/avr5\libgcc.a(_addsub_sf.o)
 .data          0x008000e7        0x0 c:/users/dell/downloads/compressed/sdk_win_64/sdk_win_64/winavr/bin/../lib/gcc/avr/4.3.3/avr5\libgcc.a(_mul_sf.o)
 .data          0x008000e7        0x0 c:/users/dell/downloads/compressed/sdk_win_64/sdk_win_64/winavr/bin/../lib/gcc/avr/4.3.3/avr5\libgcc.a(_gt_sf.o)
 .data          0x008000e7        0x0 c:/users/dell/downloads/compressed/sdk_win_64/sdk_win_64/winavr/bin/../lib/gcc/avr/4.3.3/avr5\libgcc.a(_ge_sf.o)
 .data          0x008000e7        0x0 c:/users/dell/downloads/compressed/sdk_win_64/sdk_win_64/winavr/bin/../lib/gcc/avr/4.3.3/avr5\libgcc.a(_lt_sf.o)
 .data          0x008000e7        0x0 c:/users/dell/downloads/compressed/sdk_win_64/sdk_win_64/winavr/bin/../lib/gcc/avr/4.3.3/avr5\libgcc.a(_sf_to_si.o)
 .data          0x008000e7        0x8 c:/users/dell/downloads/compressed/sdk_win_64/sdk_win_64/winavr/bin/../lib/gcc/avr/4.3.3/avr5\libgcc.a(_thenan_sf.o)
                0x008000e7                __thenan_sf
 .data          0x008000ef        0x0 c:/users/dell/downloads/compressed/sdk_win_64/sdk_win_64/winavr/bin/../lib/gcc/avr/4.3.3/avr5\libgcc.a(_udivmodhi4.o)
 .data          0x008000ef        0x0 c:/users/dell/downloads/compressed/sdk_win_64/sdk_win_64/winavr/bin/../lib/gcc/avr/4.3.3/avr5\libgcc.a(_prologue.o)
 .data          0x008000ef        0x0 c:/users/dell/downloads/compressed/sdk_win_64/sdk_win_64/winavr/bin/../lib/gcc/avr/4.3.3/avr5\libgcc.a(_epilogue.o)
 .data          0x008000ef        0x0 c:/users/dell/downloads/compressed/sdk_win_64/sdk_win_64/winavr/bin/../lib/gcc/avr/4.3.3/avr5\libgcc.a(_pack_sf.o)
 .data          0x008000ef        0x0 c:/users/dell/downloads/compressed/sdk_win_64/sdk_win_64/winavr/bin/../lib/gcc/avr/4.3.3/avr5\libgcc.a(_unpack_sf.o)
 .data          0x008000ef        0x0 c:/users/dell/downloads/compressed/sdk_win_64/sdk_win_64/winavr/bin/../lib/gcc/avr/4.3.3/avr5\libgcc.a(_fpcmp_parts_sf.o)
 .data          0x008000ef        0x0 c:/users/dell/downloads/compressed/sdk_win_64/sdk_win_64/winavr/bin/../lib/gcc/avr/4.3.3/../../../../avr/lib/avr5\libc.a(strcmp.o)
 *(.data*)
 .data.EXTI_u8InterNumber
                0x008000ef        0x1 ./MCAL/EXTI/EXTI_Config.o
                0x008000ef                EXTI_u8InterNumber
 .data.EXTI_AstrConfig
                0x008000f0        0x9 ./MCAL/EXTI/EXTI_Config.o
                0x008000f0                EXTI_AstrConfig
 *(.rodata)
 *(.rodata*)
 .rodata.C.3.1329
                0x008000f9       0x10 ./HAL/KEYPAD/KEYPAD_Prog.o
 *(.gnu.linkonce.d*)
                0x0080010a                . = ALIGN (0x2)
 *fill*         0x00800109        0x1 00
                0x0080010a                _edata = .
                0x0080010a                PROVIDE (__data_end, .)

.bss            0x0080010a       0x15
                0x0080010a                PROVIDE (__bss_start, .)
 *(.bss)
 .bss           0x0080010a        0x0 c:/users/dell/downloads/compressed/sdk_win_64/sdk_win_64/winavr/bin/../lib/gcc/avr/4.3.3/../../../../avr/lib/avr5/crtm32.o
 .bss           0x0080010a        0x0 ./MCAL/UART/UART_prog.o
 .bss           0x0080010a        0x0 ./MCAL/Timer0/TIMER_Prog.o
 .bss           0x0080010a        0x0 ./MCAL/PWM1/PWM1_Prog.o
 .bss           0x0080010a        0x0 ./MCAL/PWM0/PWM_Prog.o
 .bss           0x0080010a        0x0 ./MCAL/GIE/GIE_Prog.o
 .bss           0x0080010a        0x0 ./MCAL/EXTI/EXTI_Config.o
 .bss           0x0080010a        0x0 ./MCAL/EXTI/EXTI_Prog.o
 .bss           0x0080010a        0x0 ./MCAL/DIO/DIO_prog2.o
 .bss           0x0080010a        0x0 ./MCAL/ADC/ADC_Prog.o
 .bss           0x0080010a        0x0 ./HAL/TempSensor/Temp_Prog.o
 .bss           0x0080010a        0x0 ./HAL/ServoMotor/SERVOMOTOR_Prog.o
 .bss           0x0080010a        0x0 ./HAL/LED/LED_prog.o
 .bss           0x0080010a        0x0 ./HAL/LCD/LCD_prog.o
 .bss           0x0080010a        0x0 ./HAL/KEYPAD/KEYPAD_Prog.o
 .bss           0x0080010a        0x0 ./HAL/DcMotor/DCMOTOR_Prog.o
 .bss           0x0080010a        0x0 ./App/main.o
 .bss           0x0080010a        0x0 c:/users/dell/downloads/compressed/sdk_win_64/sdk_win_64/winavr/bin/../lib/gcc/avr/4.3.3/avr5\libgcc.a(_mulsi3.o)
 .bss           0x0080010a        0x0 c:/users/dell/downloads/compressed/sdk_win_64/sdk_win_64/winavr/bin/../lib/gcc/avr/4.3.3/avr5\libgcc.a(_divmodhi4.o)
 .bss           0x0080010a        0x0 c:/users/dell/downloads/compressed/sdk_win_64/sdk_win_64/winavr/bin/../lib/gcc/avr/4.3.3/avr5\libgcc.a(_udivmodsi4.o)
 .bss           0x0080010a        0x0 c:/users/dell/downloads/compressed/sdk_win_64/sdk_win_64/winavr/bin/../lib/gcc/avr/4.3.3/avr5\libgcc.a(_divmodsi4.o)
 .bss           0x0080010a        0x0 c:/users/dell/downloads/compressed/sdk_win_64/sdk_win_64/winavr/bin/../lib/gcc/avr/4.3.3/avr5\libgcc.a(_exit.o)
 .bss           0x0080010a        0x0 c:/users/dell/downloads/compressed/sdk_win_64/sdk_win_64/winavr/bin/../lib/gcc/avr/4.3.3/avr5\libgcc.a(_copy_data.o)
 .bss           0x0080010a        0x0 c:/users/dell/downloads/compressed/sdk_win_64/sdk_win_64/winavr/bin/../lib/gcc/avr/4.3.3/avr5\libgcc.a(_clear_bss.o)
 .bss           0x0080010a        0x0 c:/users/dell/downloads/compressed/sdk_win_64/sdk_win_64/winavr/bin/../lib/gcc/avr/4.3.3/avr5\libgcc.a(_fixunssfsi.o)
 .bss           0x0080010a        0x0 c:/users/dell/downloads/compressed/sdk_win_64/sdk_win_64/winavr/bin/../lib/gcc/avr/4.3.3/avr5\libgcc.a(_addsub_sf.o)
 .bss           0x0080010a        0x0 c:/users/dell/downloads/compressed/sdk_win_64/sdk_win_64/winavr/bin/../lib/gcc/avr/4.3.3/avr5\libgcc.a(_mul_sf.o)
 .bss           0x0080010a        0x0 c:/users/dell/downloads/compressed/sdk_win_64/sdk_win_64/winavr/bin/../lib/gcc/avr/4.3.3/avr5\libgcc.a(_gt_sf.o)
 .bss           0x0080010a        0x0 c:/users/dell/downloads/compressed/sdk_win_64/sdk_win_64/winavr/bin/../lib/gcc/avr/4.3.3/avr5\libgcc.a(_ge_sf.o)
 .bss           0x0080010a        0x0 c:/users/dell/downloads/compressed/sdk_win_64/sdk_win_64/winavr/bin/../lib/gcc/avr/4.3.3/avr5\libgcc.a(_lt_sf.o)
 .bss           0x0080010a        0x0 c:/users/dell/downloads/compressed/sdk_win_64/sdk_win_64/winavr/bin/../lib/gcc/avr/4.3.3/avr5\libgcc.a(_sf_to_si.o)
 .bss           0x0080010a        0x0 c:/users/dell/downloads/compressed/sdk_win_64/sdk_win_64/winavr/bin/../lib/gcc/avr/4.3.3/avr5\libgcc.a(_thenan_sf.o)
 .bss           0x0080010a        0x0 c:/users/dell/downloads/compressed/sdk_win_64/sdk_win_64/winavr/bin/../lib/gcc/avr/4.3.3/avr5\libgcc.a(_udivmodhi4.o)
 .bss           0x0080010a        0x0 c:/users/dell/downloads/compressed/sdk_win_64/sdk_win_64/winavr/bin/../lib/gcc/avr/4.3.3/avr5\libgcc.a(_prologue.o)
 .bss           0x0080010a        0x0 c:/users/dell/downloads/compressed/sdk_win_64/sdk_win_64/winavr/bin/../lib/gcc/avr/4.3.3/avr5\libgcc.a(_epilogue.o)
 .bss           0x0080010a        0x0 c:/users/dell/downloads/compressed/sdk_win_64/sdk_win_64/winavr/bin/../lib/gcc/avr/4.3.3/avr5\libgcc.a(_pack_sf.o)
 .bss           0x0080010a        0x0 c:/users/dell/downloads/compressed/sdk_win_64/sdk_win_64/winavr/bin/../lib/gcc/avr/4.3.3/avr5\libgcc.a(_unpack_sf.o)
 .bss           0x0080010a        0x0 c:/users/dell/downloads/compressed/sdk_win_64/sdk_win_64/winavr/bin/../lib/gcc/avr/4.3.3/avr5\libgcc.a(_fpcmp_parts_sf.o)
 .bss           0x0080010a        0x0 c:/users/dell/downloads/compressed/sdk_win_64/sdk_win_64/winavr/bin/../lib/gcc/avr/4.3.3/../../../../avr/lib/avr5\libc.a(strcmp.o)
 *(.bss*)
 .bss.TIMER0_u32OverFlow
                0x0080010a        0x4 ./MCAL/Timer0/TIMER_Prog.o
                0x0080010a                TIMER0_u32OverFlow
 .bss.TIMER_0_u32Rem
                0x0080010e        0x1 ./MCAL/Timer0/TIMER_Prog.o
                0x0080010e                TIMER_0_u32Rem
 .bss.TIMER0_u32CompareMatch
                0x0080010f        0x4 ./MCAL/Timer0/TIMER_Prog.o
                0x0080010f                TIMER0_u32CompareMatch
 .bss.callback  0x00800113        0x2 ./MCAL/Timer0/TIMER_Prog.o
                0x00800113                callback
 .bss.Local_u32Counter.1272
                0x00800115        0x4 ./MCAL/Timer0/TIMER_Prog.o
 .bss.Local_u32Counter.1288
                0x00800119        0x4 ./MCAL/Timer0/TIMER_Prog.o
 .bss.callbac   0x0080011d        0x2 ./MCAL/EXTI/EXTI_Prog.o
                0x0080011d                callbac
 *(COMMON)
                0x0080011f                PROVIDE (__bss_end, .)
                0x00003a26                __data_load_start = LOADADDR (.data)
                0x00003ad0                __data_load_end = (__data_load_start + SIZEOF (.data))

.noinit         0x0080011f        0x0
                0x0080011f                PROVIDE (__noinit_start, .)
 *(.noinit*)
                0x0080011f                PROVIDE (__noinit_end, .)
                0x0080011f                _end = .
                0x0080011f                PROVIDE (__heap_start, .)

.eeprom         0x00810000        0x0
 *(.eeprom*)
                0x00810000                __eeprom_end = .

.fuse
 *(.fuse)
 *(.lfuse)
 *(.hfuse)
 *(.efuse)

.lock
 *(.lock*)

.signature
 *(.signature*)

.stab           0x00000000     0x5064
 *(.stab)
 .stab          0x00000000      0x57c ./MCAL/UART/UART_prog.o
 .stab          0x0000057c      0x594 ./MCAL/Timer0/TIMER_Prog.o
                                0x5a0 (size before relaxing)
 .stab          0x00000b10      0x2ac ./MCAL/PWM1/PWM1_Prog.o
                                0x2b8 (size before relaxing)
 .stab          0x00000dbc      0x3c0 ./MCAL/PWM0/PWM_Prog.o
                                0x3cc (size before relaxing)
 .stab          0x0000117c      0x30c ./MCAL/GIE/GIE_Prog.o
                                0x318 (size before relaxing)
 .stab          0x00001488      0x204 ./MCAL/EXTI/EXTI_Config.o
                                0x210 (size before relaxing)
 .stab          0x0000168c      0x6f0 ./MCAL/EXTI/EXTI_Prog.o
                                0x7e0 (size before relaxing)
 .stab          0x00001d7c      0x78c ./MCAL/DIO/DIO_prog2.o
                                0x798 (size before relaxing)
 .stab          0x00002508      0x3fc ./MCAL/ADC/ADC_Prog.o
                                0x408 (size before relaxing)
 .stab          0x00002904      0x2d0 ./HAL/TempSensor/Temp_Prog.o
                                0x2dc (size before relaxing)
 .stab          0x00002bd4       0xd8 ./HAL/ServoMotor/SERVOMOTOR_Prog.o
                                 0xe4 (size before relaxing)
 .stab          0x00002cac      0x30c ./HAL/LED/LED_prog.o
                                0x318 (size before relaxing)
 .stab          0x00002fb8      0xf78 ./HAL/LCD/LCD_prog.o
                                0xf84 (size before relaxing)
 .stab          0x00003f30      0x5b8 ./HAL/KEYPAD/KEYPAD_Prog.o
                                0x750 (size before relaxing)
 .stab          0x000044e8      0x4c8 ./HAL/DcMotor/DCMOTOR_Prog.o
                                0x4d4 (size before relaxing)
 .stab          0x000049b0      0x6b4 ./App/main.o
                                0x84c (size before relaxing)

.stabstr        0x00000000     0x1cdc
 *(.stabstr)
 .stabstr       0x00000000     0x1cdc ./MCAL/UART/UART_prog.o

.stab.excl
 *(.stab.excl)

.stab.exclstr
 *(.stab.exclstr)

.stab.index
 *(.stab.index)

.stab.indexstr
 *(.stab.indexstr)

.comment
 *(.comment)

.debug
 *(.debug)

.line
 *(.line)

.debug_srcinfo
 *(.debug_srcinfo)

.debug_sfnames
 *(.debug_sfnames)

.debug_aranges  0x00000000      0x140
 *(.debug_aranges)
 .debug_aranges
                0x00000000       0x20 c:/users/dell/downloads/compressed/sdk_win_64/sdk_win_64/winavr/bin/../lib/gcc/avr/4.3.3/avr5\libgcc.a(_fixunssfsi.o)
 .debug_aranges
                0x00000020       0x20 c:/users/dell/downloads/compressed/sdk_win_64/sdk_win_64/winavr/bin/../lib/gcc/avr/4.3.3/avr5\libgcc.a(_addsub_sf.o)
 .debug_aranges
                0x00000040       0x20 c:/users/dell/downloads/compressed/sdk_win_64/sdk_win_64/winavr/bin/../lib/gcc/avr/4.3.3/avr5\libgcc.a(_mul_sf.o)
 .debug_aranges
                0x00000060       0x20 c:/users/dell/downloads/compressed/sdk_win_64/sdk_win_64/winavr/bin/../lib/gcc/avr/4.3.3/avr5\libgcc.a(_gt_sf.o)
 .debug_aranges
                0x00000080       0x20 c:/users/dell/downloads/compressed/sdk_win_64/sdk_win_64/winavr/bin/../lib/gcc/avr/4.3.3/avr5\libgcc.a(_ge_sf.o)
 .debug_aranges
                0x000000a0       0x20 c:/users/dell/downloads/compressed/sdk_win_64/sdk_win_64/winavr/bin/../lib/gcc/avr/4.3.3/avr5\libgcc.a(_lt_sf.o)
 .debug_aranges
                0x000000c0       0x20 c:/users/dell/downloads/compressed/sdk_win_64/sdk_win_64/winavr/bin/../lib/gcc/avr/4.3.3/avr5\libgcc.a(_sf_to_si.o)
 .debug_aranges
                0x000000e0       0x20 c:/users/dell/downloads/compressed/sdk_win_64/sdk_win_64/winavr/bin/../lib/gcc/avr/4.3.3/avr5\libgcc.a(_pack_sf.o)
 .debug_aranges
                0x00000100       0x20 c:/users/dell/downloads/compressed/sdk_win_64/sdk_win_64/winavr/bin/../lib/gcc/avr/4.3.3/avr5\libgcc.a(_unpack_sf.o)
 .debug_aranges
                0x00000120       0x20 c:/users/dell/downloads/compressed/sdk_win_64/sdk_win_64/winavr/bin/../lib/gcc/avr/4.3.3/avr5\libgcc.a(_fpcmp_parts_sf.o)

.debug_pubnames
                0x00000000      0x170
 *(.debug_pubnames)
 .debug_pubnames
                0x00000000       0x23 c:/users/dell/downloads/compressed/sdk_win_64/sdk_win_64/winavr/bin/../lib/gcc/avr/4.3.3/avr5\libgcc.a(_fixunssfsi.o)
 .debug_pubnames
                0x00000023       0x2c c:/users/dell/downloads/compressed/sdk_win_64/sdk_win_64/winavr/bin/../lib/gcc/avr/4.3.3/avr5\libgcc.a(_addsub_sf.o)
 .debug_pubnames
                0x0000004f       0x1f c:/users/dell/downloads/compressed/sdk_win_64/sdk_win_64/winavr/bin/../lib/gcc/avr/4.3.3/avr5\libgcc.a(_mul_sf.o)
 .debug_pubnames
                0x0000006e       0x1e c:/users/dell/downloads/compressed/sdk_win_64/sdk_win_64/winavr/bin/../lib/gcc/avr/4.3.3/avr5\libgcc.a(_gt_sf.o)
 .debug_pubnames
                0x0000008c       0x1e c:/users/dell/downloads/compressed/sdk_win_64/sdk_win_64/winavr/bin/../lib/gcc/avr/4.3.3/avr5\libgcc.a(_ge_sf.o)
 .debug_pubnames
                0x000000aa       0x1e c:/users/dell/downloads/compressed/sdk_win_64/sdk_win_64/winavr/bin/../lib/gcc/avr/4.3.3/avr5\libgcc.a(_lt_sf.o)
 .debug_pubnames
                0x000000c8       0x20 c:/users/dell/downloads/compressed/sdk_win_64/sdk_win_64/winavr/bin/../lib/gcc/avr/4.3.3/avr5\libgcc.a(_sf_to_si.o)
 .debug_pubnames
                0x000000e8       0x22 c:/users/dell/downloads/compressed/sdk_win_64/sdk_win_64/winavr/bin/../lib/gcc/avr/4.3.3/avr5\libgcc.a(_thenan_sf.o)
 .debug_pubnames
                0x0000010a       0x1f c:/users/dell/downloads/compressed/sdk_win_64/sdk_win_64/winavr/bin/../lib/gcc/avr/4.3.3/avr5\libgcc.a(_pack_sf.o)
 .debug_pubnames
                0x00000129       0x21 c:/users/dell/downloads/compressed/sdk_win_64/sdk_win_64/winavr/bin/../lib/gcc/avr/4.3.3/avr5\libgcc.a(_unpack_sf.o)
 .debug_pubnames
                0x0000014a       0x26 c:/users/dell/downloads/compressed/sdk_win_64/sdk_win_64/winavr/bin/../lib/gcc/avr/4.3.3/avr5\libgcc.a(_fpcmp_parts_sf.o)

.debug_info     0x00000000     0x1c49
 *(.debug_info)
 .debug_info    0x00000000       0xb1 c:/users/dell/downloads/compressed/sdk_win_64/sdk_win_64/winavr/bin/../lib/gcc/avr/4.3.3/avr5\libgcc.a(_fixunssfsi.o)
 .debug_info    0x000000b1      0x47a c:/users/dell/downloads/compressed/sdk_win_64/sdk_win_64/winavr/bin/../lib/gcc/avr/4.3.3/avr5\libgcc.a(_addsub_sf.o)
 .debug_info    0x0000052b      0x485 c:/users/dell/downloads/compressed/sdk_win_64/sdk_win_64/winavr/bin/../lib/gcc/avr/4.3.3/avr5\libgcc.a(_mul_sf.o)
 .debug_info    0x000009b0      0x27f c:/users/dell/downloads/compressed/sdk_win_64/sdk_win_64/winavr/bin/../lib/gcc/avr/4.3.3/avr5\libgcc.a(_gt_sf.o)
 .debug_info    0x00000c2f      0x27f c:/users/dell/downloads/compressed/sdk_win_64/sdk_win_64/winavr/bin/../lib/gcc/avr/4.3.3/avr5\libgcc.a(_ge_sf.o)
 .debug_info    0x00000eae      0x27f c:/users/dell/downloads/compressed/sdk_win_64/sdk_win_64/winavr/bin/../lib/gcc/avr/4.3.3/avr5\libgcc.a(_lt_sf.o)
 .debug_info    0x0000112d      0x2b0 c:/users/dell/downloads/compressed/sdk_win_64/sdk_win_64/winavr/bin/../lib/gcc/avr/4.3.3/avr5\libgcc.a(_sf_to_si.o)
 .debug_info    0x000013dd      0x12c c:/users/dell/downloads/compressed/sdk_win_64/sdk_win_64/winavr/bin/../lib/gcc/avr/4.3.3/avr5\libgcc.a(_thenan_sf.o)
 .debug_info    0x00001509      0x2df c:/users/dell/downloads/compressed/sdk_win_64/sdk_win_64/winavr/bin/../lib/gcc/avr/4.3.3/avr5\libgcc.a(_pack_sf.o)
 .debug_info    0x000017e8      0x251 c:/users/dell/downloads/compressed/sdk_win_64/sdk_win_64/winavr/bin/../lib/gcc/avr/4.3.3/avr5\libgcc.a(_unpack_sf.o)
 .debug_info    0x00001a39      0x210 c:/users/dell/downloads/compressed/sdk_win_64/sdk_win_64/winavr/bin/../lib/gcc/avr/4.3.3/avr5\libgcc.a(_fpcmp_parts_sf.o)
 *(.gnu.linkonce.wi.*)

.debug_abbrev   0x00000000      0xeeb
 *(.debug_abbrev)
 .debug_abbrev  0x00000000       0x5d c:/users/dell/downloads/compressed/sdk_win_64/sdk_win_64/winavr/bin/../lib/gcc/avr/4.3.3/avr5\libgcc.a(_fixunssfsi.o)
 .debug_abbrev  0x0000005d      0x1ea c:/users/dell/downloads/compressed/sdk_win_64/sdk_win_64/winavr/bin/../lib/gcc/avr/4.3.3/avr5\libgcc.a(_addsub_sf.o)
 .debug_abbrev  0x00000247      0x21b c:/users/dell/downloads/compressed/sdk_win_64/sdk_win_64/winavr/bin/../lib/gcc/avr/4.3.3/avr5\libgcc.a(_mul_sf.o)
 .debug_abbrev  0x00000462      0x15a c:/users/dell/downloads/compressed/sdk_win_64/sdk_win_64/winavr/bin/../lib/gcc/avr/4.3.3/avr5\libgcc.a(_gt_sf.o)
 .debug_abbrev  0x000005bc      0x15a c:/users/dell/downloads/compressed/sdk_win_64/sdk_win_64/winavr/bin/../lib/gcc/avr/4.3.3/avr5\libgcc.a(_ge_sf.o)
 .debug_abbrev  0x00000716      0x15a c:/users/dell/downloads/compressed/sdk_win_64/sdk_win_64/winavr/bin/../lib/gcc/avr/4.3.3/avr5\libgcc.a(_lt_sf.o)
 .debug_abbrev  0x00000870      0x17f c:/users/dell/downloads/compressed/sdk_win_64/sdk_win_64/winavr/bin/../lib/gcc/avr/4.3.3/avr5\libgcc.a(_sf_to_si.o)
 .debug_abbrev  0x000009ef       0xad c:/users/dell/downloads/compressed/sdk_win_64/sdk_win_64/winavr/bin/../lib/gcc/avr/4.3.3/avr5\libgcc.a(_thenan_sf.o)
 .debug_abbrev  0x00000a9c      0x1c0 c:/users/dell/downloads/compressed/sdk_win_64/sdk_win_64/winavr/bin/../lib/gcc/avr/4.3.3/avr5\libgcc.a(_pack_sf.o)
 .debug_abbrev  0x00000c5c      0x154 c:/users/dell/downloads/compressed/sdk_win_64/sdk_win_64/winavr/bin/../lib/gcc/avr/4.3.3/avr5\libgcc.a(_unpack_sf.o)
 .debug_abbrev  0x00000db0      0x13b c:/users/dell/downloads/compressed/sdk_win_64/sdk_win_64/winavr/bin/../lib/gcc/avr/4.3.3/avr5\libgcc.a(_fpcmp_parts_sf.o)

.debug_line     0x00000000      0xdad
 *(.debug_line)
 .debug_line    0x00000000       0xa7 c:/users/dell/downloads/compressed/sdk_win_64/sdk_win_64/winavr/bin/../lib/gcc/avr/4.3.3/avr5\libgcc.a(_fixunssfsi.o)
 .debug_line    0x000000a7      0x2af c:/users/dell/downloads/compressed/sdk_win_64/sdk_win_64/winavr/bin/../lib/gcc/avr/4.3.3/avr5\libgcc.a(_addsub_sf.o)
 .debug_line    0x00000356      0x239 c:/users/dell/downloads/compressed/sdk_win_64/sdk_win_64/winavr/bin/../lib/gcc/avr/4.3.3/avr5\libgcc.a(_mul_sf.o)
 .debug_line    0x0000058f       0xd3 c:/users/dell/downloads/compressed/sdk_win_64/sdk_win_64/winavr/bin/../lib/gcc/avr/4.3.3/avr5\libgcc.a(_gt_sf.o)
 .debug_line    0x00000662       0xd3 c:/users/dell/downloads/compressed/sdk_win_64/sdk_win_64/winavr/bin/../lib/gcc/avr/4.3.3/avr5\libgcc.a(_ge_sf.o)
 .debug_line    0x00000735       0xd3 c:/users/dell/downloads/compressed/sdk_win_64/sdk_win_64/winavr/bin/../lib/gcc/avr/4.3.3/avr5\libgcc.a(_lt_sf.o)
 .debug_line    0x00000808      0x109 c:/users/dell/downloads/compressed/sdk_win_64/sdk_win_64/winavr/bin/../lib/gcc/avr/4.3.3/avr5\libgcc.a(_sf_to_si.o)
 .debug_line    0x00000911       0x90 c:/users/dell/downloads/compressed/sdk_win_64/sdk_win_64/winavr/bin/../lib/gcc/avr/4.3.3/avr5\libgcc.a(_thenan_sf.o)
 .debug_line    0x000009a1      0x18a c:/users/dell/downloads/compressed/sdk_win_64/sdk_win_64/winavr/bin/../lib/gcc/avr/4.3.3/avr5\libgcc.a(_pack_sf.o)
 .debug_line    0x00000b2b      0x14b c:/users/dell/downloads/compressed/sdk_win_64/sdk_win_64/winavr/bin/../lib/gcc/avr/4.3.3/avr5\libgcc.a(_unpack_sf.o)
 .debug_line    0x00000c76      0x137 c:/users/dell/downloads/compressed/sdk_win_64/sdk_win_64/winavr/bin/../lib/gcc/avr/4.3.3/avr5\libgcc.a(_fpcmp_parts_sf.o)

.debug_frame    0x00000000      0x160
 *(.debug_frame)
 .debug_frame   0x00000000       0x20 c:/users/dell/downloads/compressed/sdk_win_64/sdk_win_64/winavr/bin/../lib/gcc/avr/4.3.3/avr5\libgcc.a(_fixunssfsi.o)
 .debug_frame   0x00000020       0x40 c:/users/dell/downloads/compressed/sdk_win_64/sdk_win_64/winavr/bin/../lib/gcc/avr/4.3.3/avr5\libgcc.a(_addsub_sf.o)
 .debug_frame   0x00000060       0x20 c:/users/dell/downloads/compressed/sdk_win_64/sdk_win_64/winavr/bin/../lib/gcc/avr/4.3.3/avr5\libgcc.a(_mul_sf.o)
 .debug_frame   0x00000080       0x20 c:/users/dell/downloads/compressed/sdk_win_64/sdk_win_64/winavr/bin/../lib/gcc/avr/4.3.3/avr5\libgcc.a(_gt_sf.o)
 .debug_frame   0x000000a0       0x20 c:/users/dell/downloads/compressed/sdk_win_64/sdk_win_64/winavr/bin/../lib/gcc/avr/4.3.3/avr5\libgcc.a(_ge_sf.o)
 .debug_frame   0x000000c0       0x20 c:/users/dell/downloads/compressed/sdk_win_64/sdk_win_64/winavr/bin/../lib/gcc/avr/4.3.3/avr5\libgcc.a(_lt_sf.o)
 .debug_frame   0x000000e0       0x20 c:/users/dell/downloads/compressed/sdk_win_64/sdk_win_64/winavr/bin/../lib/gcc/avr/4.3.3/avr5\libgcc.a(_sf_to_si.o)
 .debug_frame   0x00000100       0x20 c:/users/dell/downloads/compressed/sdk_win_64/sdk_win_64/winavr/bin/../lib/gcc/avr/4.3.3/avr5\libgcc.a(_pack_sf.o)
 .debug_frame   0x00000120       0x20 c:/users/dell/downloads/compressed/sdk_win_64/sdk_win_64/winavr/bin/../lib/gcc/avr/4.3.3/avr5\libgcc.a(_unpack_sf.o)
 .debug_frame   0x00000140       0x20 c:/users/dell/downloads/compressed/sdk_win_64/sdk_win_64/winavr/bin/../lib/gcc/avr/4.3.3/avr5\libgcc.a(_fpcmp_parts_sf.o)

.debug_str      0x00000000      0x28d
 *(.debug_str)
 .debug_str     0x00000000       0xbf c:/users/dell/downloads/compressed/sdk_win_64/sdk_win_64/winavr/bin/../lib/gcc/avr/4.3.3/avr5\libgcc.a(_fixunssfsi.o)
                                 0xfe (size before relaxing)
 .debug_str     0x000000bf      0x14d c:/users/dell/downloads/compressed/sdk_win_64/sdk_win_64/winavr/bin/../lib/gcc/avr/4.3.3/avr5\libgcc.a(_addsub_sf.o)
                                0x206 (size before relaxing)
 .debug_str     0x0000020c       0x27 c:/users/dell/downloads/compressed/sdk_win_64/sdk_win_64/winavr/bin/../lib/gcc/avr/4.3.3/avr5\libgcc.a(_mul_sf.o)
                                0x1bf (size before relaxing)
 .debug_str     0x00000233        0xf c:/users/dell/downloads/compressed/sdk_win_64/sdk_win_64/winavr/bin/../lib/gcc/avr/4.3.3/avr5\libgcc.a(_gt_sf.o)
                                0x195 (size before relaxing)
 .debug_str     0x00000242        0x8 c:/users/dell/downloads/compressed/sdk_win_64/sdk_win_64/winavr/bin/../lib/gcc/avr/4.3.3/avr5\libgcc.a(_ge_sf.o)
                                0x195 (size before relaxing)
 .debug_str     0x0000024a        0x8 c:/users/dell/downloads/compressed/sdk_win_64/sdk_win_64/winavr/bin/../lib/gcc/avr/4.3.3/avr5\libgcc.a(_lt_sf.o)
                                0x195 (size before relaxing)
 .debug_str     0x00000252        0xa c:/users/dell/downloads/compressed/sdk_win_64/sdk_win_64/winavr/bin/../lib/gcc/avr/4.3.3/avr5\libgcc.a(_sf_to_si.o)
                                0x19e (size before relaxing)
 .debug_str     0x00000000      0x103 c:/users/dell/downloads/compressed/sdk_win_64/sdk_win_64/winavr/bin/../lib/gcc/avr/4.3.3/avr5\libgcc.a(_thenan_sf.o)
 .debug_str     0x0000025c       0x16 c:/users/dell/downloads/compressed/sdk_win_64/sdk_win_64/winavr/bin/../lib/gcc/avr/4.3.3/avr5\libgcc.a(_pack_sf.o)
                                0x19d (size before relaxing)
 .debug_str     0x00000272        0xb c:/users/dell/downloads/compressed/sdk_win_64/sdk_win_64/winavr/bin/../lib/gcc/avr/4.3.3/avr5\libgcc.a(_unpack_sf.o)
                                0x17f (size before relaxing)
 .debug_str     0x0000027d       0x10 c:/users/dell/downloads/compressed/sdk_win_64/sdk_win_64/winavr/bin/../lib/gcc/avr/4.3.3/avr5\libgcc.a(_fpcmp_parts_sf.o)
                                0x163 (size before relaxing)

.debug_loc      0x00000000      0x7ce
 *(.debug_loc)
 .debug_loc     0x00000000       0x34 c:/users/dell/downloads/compressed/sdk_win_64/sdk_win_64/winavr/bin/../lib/gcc/avr/4.3.3/avr5\libgcc.a(_fixunssfsi.o)
 .debug_loc     0x00000034      0x32a c:/users/dell/downloads/compressed/sdk_win_64/sdk_win_64/winavr/bin/../lib/gcc/avr/4.3.3/avr5\libgcc.a(_addsub_sf.o)
 .debug_loc     0x0000035e      0x104 c:/users/dell/downloads/compressed/sdk_win_64/sdk_win_64/winavr/bin/../lib/gcc/avr/4.3.3/avr5\libgcc.a(_mul_sf.o)
 .debug_loc     0x00000462       0x3c c:/users/dell/downloads/compressed/sdk_win_64/sdk_win_64/winavr/bin/../lib/gcc/avr/4.3.3/avr5\libgcc.a(_gt_sf.o)
 .debug_loc     0x0000049e       0x3c c:/users/dell/downloads/compressed/sdk_win_64/sdk_win_64/winavr/bin/../lib/gcc/avr/4.3.3/avr5\libgcc.a(_ge_sf.o)
 .debug_loc     0x000004da       0x3c c:/users/dell/downloads/compressed/sdk_win_64/sdk_win_64/winavr/bin/../lib/gcc/avr/4.3.3/avr5\libgcc.a(_lt_sf.o)
 .debug_loc     0x00000516       0x7e c:/users/dell/downloads/compressed/sdk_win_64/sdk_win_64/winavr/bin/../lib/gcc/avr/4.3.3/avr5\libgcc.a(_sf_to_si.o)
 .debug_loc     0x00000594      0x13e c:/users/dell/downloads/compressed/sdk_win_64/sdk_win_64/winavr/bin/../lib/gcc/avr/4.3.3/avr5\libgcc.a(_pack_sf.o)
 .debug_loc     0x000006d2       0xac c:/users/dell/downloads/compressed/sdk_win_64/sdk_win_64/winavr/bin/../lib/gcc/avr/4.3.3/avr5\libgcc.a(_unpack_sf.o)
 .debug_loc     0x0000077e       0x50 c:/users/dell/downloads/compressed/sdk_win_64/sdk_win_64/winavr/bin/../lib/gcc/avr/4.3.3/avr5\libgcc.a(_fpcmp_parts_sf.o)

.debug_macinfo
 *(.debug_macinfo)
OUTPUT(myprojects.elf elf32-avr)
LOAD linker stubs

.debug_ranges   0x00000000       0x50
 .debug_ranges  0x00000000       0x50 c:/users/dell/downloads/compressed/sdk_win_64/sdk_win_64/winavr/bin/../lib/gcc/avr/4.3.3/avr5\libgcc.a(_mul_sf.o)
